// Jest Snapshot v1, https://goo.gl/fbAQLP

exports[`<Commit /> should match snapshot 1`] = `
<div
  className="gh-table-body"
>
  <div
    className="container"
  >
    <div
      className="row"
    >
      <div
        className="col-lg-12"
      >
        <Breadcrumb
          aria-label="breadcrumb"
          listTag="ol"
          tag="nav"
        >
          <BreadcrumbItem
            tag="li"
          >
            <Link
              replace={false}
              to="/"
            >
              Search
            </Link>
          </BreadcrumbItem>
          <BreadcrumbItem
            tag="li"
          >
            test
          </BreadcrumbItem>
          <BreadcrumbItem
            tag="li"
          >
            <Link
              replace={false}
              to="/test/repositories"
            >
              Repositories
            </Link>
          </BreadcrumbItem>
          <BreadcrumbItem
            tag="li"
          >
            test-repo
          </BreadcrumbItem>
          <BreadcrumbItem
            active={true}
            tag="li"
          >
            Commits
          </BreadcrumbItem>
        </Breadcrumb>
      </div>
    </div>
    <div>
      <div
        className="row"
      >
        <div
          className="col-lg-8"
        >
          <h3>
            test-repo
          </h3>
        </div>
        <div
          className="col-lg-4"
        >
          <Input
            className="gh-search"
            onChange={[Function]}
            placeholder="Enter text to search...."
            type="text"
          />
        </div>
      </div>
      <div
        className="row"
      >
        <div
          className="col-lg-12"
        >
          <ListGroup
            tag="ul"
          >
            <CommitItem
              date="date"
              headline="headline"
              id={1}
              key="1"
              message="message"
            />
          </ListGroup>
        </div>
      </div>
    </div>
  </div>
</div>
`;
